// Jest Snapshot v1, https://goo.gl/fbAQLP

exports[`Home renders homepage unchanged 1`] = `
<div>
  <h1>
    왁뮤에서 알맞은 노래를 찾아보세요.
  </h1>
</div>
`;
